###############################################################
#  Generated by:      Cadence Innovus 22.18-s118_1
#  OS:                Linux x86_64(Host ID uvti_training)
#  Generated on:      Sat Aug 15 06:14:34 2026
#  Design:            darkbridge
#  Command:           report_timing -from core0/FLUSH_reg[0]/Q  -to core0/XIDATA_reg[16]/D -path_type full_clock  > pathC.rpt
###############################################################
Path 1: VIOLATED Setup Check with Pin core0/XIDATA_reg[16]/CK 
Endpoint:   core0/XIDATA_reg[16]/D (v) checked with  leading edge of 'CLK'
Beginpoint: core0/FLUSH_reg[0]/Q   (v) triggered by  leading edge of 'CLK'
Path Groups: {CLK}
Analysis View: func_slow_125_1v62
Other End Arrival Time          0.374
- Setup                         0.170
+ Phase Shift                   4.800
= Required Time                 5.004
- Arrival Time                  5.574
= Slack Time                   -0.569
     Clock Rise Edge                      0.000
     = Beginpoint Arrival Time            0.000
     Timing Path:
     +------------------------------------------------------------------------------------------------------------+ 
     |        Timing Point         |    Cell     |     Arc     | Fanout |  Load |  Slew | Delay |  Incr | Arrival | 
     |                             |             |             |        |       |       |       | Delay |  Time   | 
     |-----------------------------+-------------+-------------+--------+-------+-------+-------+-------+---------| 
     | CLK                         |             | CLK ^       |      4 | 0.120 | 0.003 |       |       |   0.000 | 
     | core0/CTS_ccl_a_buf_00037/Y | CLKBUFX8_HS | A ^ -> Y ^  |      8 | 0.195 | 0.167 | 0.236 | 0.000 |   0.236 | 
     | core0/CTS_cdb_buf_00059/Y   | CLKBUFX2_LP | A ^ -> Y ^  |      1 | 0.008 | 0.065 | 0.187 | 0.000 |   0.422 | 
     | core0/CTS_ccl_a_buf_00004/Y | CLKBUFX8_HS | A ^ -> Y ^  |     34 | 0.150 | 0.134 | 0.237 | 0.003 |   0.660 | 
     | core0/FLUSH_reg[0]/Q ->     | DFFX1       | CK ^ -> Q v |      3 | 0.024 | 0.167 | 0.634 | 0.002 |   1.293 | 
     | core0/g89113/Y              | NOR2X4_HS   | A v -> Y ^  |      9 | 0.043 | 0.214 | 0.241 | 0.000 |   1.534 | 
     | core0/FE_OFC873_n_64/Y      | CLKINVX2    | A ^ -> Y v  |      3 | 0.016 | 0.091 | 0.147 | 0.000 |   1.681 | 
     | core0/g88647/Y              | NOR2X1      | A v -> Y ^  |      1 | 0.004 | 0.138 | 0.162 | 0.000 |   1.843 | 
     | core0/FE_OFC5154_XXDREQ/Y   | BUFX4_HS    | A ^ -> Y ^  |      3 | 0.155 | 0.332 | 0.481 | 0.107 |   2.324 | 
     | core0/g145737/Y             | NAND2X2     | A ^ -> Y v  |      1 | 0.014 | 0.130 | 0.227 | 0.000 |   2.551 | 
     | core0/FE_OFC5150_n_15456/Y  | BUFX16_HS   | A v -> Y v  |     48 | 0.412 | 0.180 | 0.280 | 0.000 |   2.831 | 
     | core0/g145453/Y             | NAND2X2     | B v -> Y ^  |      3 | 0.019 | 0.176 | 0.284 | 0.000 |   3.114 | 
     | core0/g142234/Y             | CLKINVX4    | A ^ -> Y v  |      6 | 0.045 | 0.101 | 0.156 | 0.000 |   3.270 | 
     | core0/g142236/Y             | NAND2X1     | B v -> Y ^  |      1 | 0.011 | 0.271 | 0.155 | 0.000 |   3.425 | 
     | core0/g137820/Y             | INVX4       | A ^ -> Y v  |     23 | 0.146 | 0.258 | 0.324 | 0.000 |   3.749 | 
     | core0/g137562/Y             | AOI22X1_HS  | B1 v -> Y ^ |      2 | 0.076 | 1.264 | 1.464 | 0.465 |   5.213 | 
     | core0/g140382/Y             | NAND2X1     | B ^ -> Y v  |      1 | 0.005 | 0.264 | 0.360 | 0.002 |   5.573 | 
     | core0/XIDATA_reg[16]/D ->   | DFFX4_HS    | D v         |        | 0.005 | 0.264 | 0.000 | 0.000 |   5.574 | 
     +------------------------------------------------------------------------------------------------------------+ 
     Clock Rise Edge                      0.000
     = Beginpoint Arrival Time            0.000
     Other End Path:
     +-----------------------------------------------------------------------------------------------------------+ 
     |        Timing Point         |    Cell     |    Arc     | Fanout |  Load |  Slew | Delay |  Incr | Arrival | 
     |                             |             |            |        |       |       |       | Delay |  Time   | 
     |-----------------------------+-------------+------------+--------+-------+-------+-------+-------+---------| 
     | CLK                         |             | CLK ^      |      4 | 0.117 | 0.003 |       |       |   0.000 | 
     | core0/CTS_ccl_a_buf_00034/Y | CLKBUFX8_HS | A ^ -> Y ^ |      3 | 0.061 | 0.075 | 0.163 | 0.000 |   0.163 | 
     | core0/CTS_ccl_a_buf_00006/Y | BUFX16      | A ^ -> Y ^ |     11 | 0.081 | 0.087 | 0.210 | 0.000 |   0.373 | 
     | core0/XIDATA_reg[16]/CK     | DFFX4_HS    | CK ^       |        | 0.081 | 0.087 | 0.001 | 0.000 |   0.374 | 
     +-----------------------------------------------------------------------------------------------------------+ 

