###############################################################
#  Generated by:      Cadence Innovus 22.18-s118_1
#  OS:                Linux x86_64(Host ID uvti_training)
#  Generated on:      Sat Aug 15 05:51:07 2026
#  Design:            darkbridge
#  Command:           report_timing -from core0/XIDATA_reg[13]/Q  -to core0/REGS_reg[3][18]/D > pathA.rpt
###############################################################
pathA: VIOLATED Setup Check with Pin core0/REGS_reg[3][18]/CK 
Endpoint:   core0/REGS_reg[3][18]/D (v) checked with  leading edge of 'CLK'
Beginpoint: core0/XIDATA_reg[13]/Q  (^) triggered by  leading edge of 'CLK'
Path Groups: {CLK}
Analysis View: func_slow_125_1v62
Other End Arrival Time          0.804
- Setup                         0.302
+ Phase Shift                   4.800
= Required Time                 5.302
- Arrival Time                  5.720
= Slack Time                   -0.419
     Clock Rise Edge                 0.000
     + Clock Network Latency (Prop)  0.725
     = Beginpoint Arrival Time       0.725
     +-----------------------------------------------------------------------------------------------------------+ 
     |        Timing Point         |    Cell    |     Arc     | Fanout |  Load |  Slew | Delay |  Incr | Arrival | 
     |                             |            |             |        |       |       |       | Delay |  Time   | 
     |-----------------------------+------------+-------------+--------+-------+-------+-------+-------+---------| 
     | core0/XIDATA_reg[13]/CK     |            | CK ^        |      1 | 0.026 | 0.088 |       |       |   0.725 | 
     | core0/XIDATA_reg[13]/Q ->   | DFFX4      | CK ^ -> Q ^ |     10 | 0.187 | 0.537 | 0.921 | 0.047 |   1.646 | 
     | core0/FE_OFC415_XIDATA_13/Y | CLKINVX2   | A ^ -> Y v  |      3 | 0.015 | 0.150 | 0.258 | 0.002 |   1.904 | 
     | core0/g88896/Y              | NAND2X2    | B v -> Y ^  |      5 | 0.117 | 0.663 | 0.625 | 0.108 |   2.529 | 
     | core0/g88588/Y              | OR2X1      | B ^ -> Y ^  |      2 | 0.114 | 1.221 | 1.429 | 0.254 |   3.958 | 
     | core0/g137298/Y             | AOI21X2_HS | B0 ^ -> Y v |      1 | 0.008 | 0.212 | 0.204 | 0.000 |   4.162 | 
     | core0/g137287/Y             | INVX2_HS   | A v -> Y ^  |      1 | 0.015 | 0.111 | 0.139 | 0.000 |   4.301 | 
     | core0/g137100/Y             | NAND2X4_HS | A ^ -> Y v  |      1 | 0.049 | 0.148 | 0.174 | 0.011 |   4.475 | 
     | core0/FE_OCPC5038_n_1258/Y  | INVX8_HS   | A v -> Y ^  |      9 | 0.110 | 0.141 | 0.171 | 0.000 |   4.646 | 
     | core0/FE_RC_2035_0/Y        | CLKAND2X2  | B ^ -> Y ^  |      1 | 0.014 | 0.094 | 0.225 | 0.000 |   4.871 | 
     | core0/FE_RC_2381_0/Y        | NAND3X4_HS | B ^ -> Y v  |      1 | 0.040 | 0.202 | 0.213 | 0.012 |   5.083 | 
     | core0/FE_RC_2033_0/Y        | NAND2X4_HS | B v -> Y ^  |      2 | 0.119 | 0.331 | 0.330 | 0.048 |   5.414 | 
     | core0/g136646_0_dup/Y       | NAND2X4_HS | A ^ -> Y v  |     15 | 0.083 | 0.269 | 0.305 | 0.001 |   5.718 | 
     | core0/REGS_reg[3][18]/D ->  | SDFFX1_HS  | D v         |        | 0.083 | 0.269 | 0.002 | 0.000 |   5.720 | 
     +-----------------------------------------------------------------------------------------------------------+ 

