###############################################################
#  Generated by:      Cadence Innovus 22.18-s118_1
#  OS:                Linux x86_64(Host ID uvti_training)
#  Generated on:      Sat Aug 15 05:52:24 2026
#  Design:            darkbridge
#  Command:           report_timing -from core0/XIDATA_reg[10]/Q  -to core0/REGS_reg[11][24]/SE > pathB.rpt
###############################################################
Path 1: VIOLATED Setup Check with Pin core0/REGS_reg[11][24]/CK 
Endpoint:   core0/REGS_reg[11][24]/SE (v) checked with  leading edge of 'CLK'
Beginpoint: core0/XIDATA_reg[10]/Q    (^) triggered by  leading edge of 'CLK'
Path Groups: {CLK}
Analysis View: func_slow_125_1v62
Other End Arrival Time          0.806
- Setup                         0.439
+ Phase Shift                   4.800
= Required Time                 5.167
- Arrival Time                  5.185
= Slack Time                   -0.018
     Clock Rise Edge                 0.000
     + Clock Network Latency (Prop)  0.539
     = Beginpoint Arrival Time       0.539
     +------------------------------------------------------------------------------------------------------------+ 
     |         Timing Point         |    Cell    |     Arc     | Fanout |  Load |  Slew | Delay |  Incr | Arrival | 
     |                              |            |             |        |       |       |       | Delay |  Time   | 
     |------------------------------+------------+-------------+--------+-------+-------+-------+-------+---------| 
     | core0/XIDATA_reg[10]/CK      |            | CK ^        |     34 | 0.164 | 0.146 |       |       |   0.539 | 
     | core0/XIDATA_reg[10]/Q ->    | DFFX4_HS   | CK ^ -> Q ^ |      6 | 0.160 | 0.340 | 0.686 | 0.010 |   1.226 | 
     | core0/g138523/Y              | NAND2X4_HS | B ^ -> Y v  |      7 | 0.072 | 0.240 | 0.310 | 0.001 |   1.536 | 
     | core0/g138227/Y              | OR2X1_HS   | A v -> Y v  |      5 | 0.032 | 0.194 | 0.429 | 0.000 |   1.965 | 
     | core0/g137999/Y              | NOR2X1     | B v -> Y ^  |      1 | 0.008 | 0.229 | 0.243 | 0.000 |   2.208 | 
     | core0/FE_OFC216_n_559/Y      | BUFX4      | A ^ -> Y ^  |     12 | 0.168 | 0.481 | 0.576 | 0.042 |   2.784 | 
     | core0/FE_OFC217_n_559/Y      | CLKBUFX2   | A ^ -> Y ^  |     11 | 0.202 | 1.110 | 1.130 | 0.061 |   3.913 | 
     | core0/FE_OFC218_n_559/Y      | INVX4      | A ^ -> Y v  |     29 | 0.527 | 0.948 | 1.217 | 0.000 |   5.131 | 
     | core0/REGS_reg[11][24]/SE -> | SDFFX1_HS  | SE v        |        | 0.527 | 0.959 | 0.055 | 0.000 |   5.185 | 
     +------------------------------------------------------------------------------------------------------------+ 

